
> joseph-quiz-web@0.0.0 start
> ng serve --host 127.0.0.1 --port 4200

[33m>[39m Building...
[32m√[39m Building...
[1mInitial chunk files[22m[2m | [22m[1mNames[22m                [2m | [22m [1mRaw size[22m
[32mpolyfills.js[39m       [2m | [22m[2mpolyfills[22m            [2m | [22m [36m90.20 kB[39m[2m | [22m
[32mstyles.css[39m         [2m | [22m[2mstyles[22m               [2m | [22m [36m32.84 kB[39m[2m | [22m
[32mmain.js[39m            [2m | [22m[2mmain[22m                 [2m | [22m  [36m8.31 kB[39m[2m | [22m
[32mchunk-Y5RQAIA6.js[39m  [2m | [22m[2m-[22m                    [2m | [22m  [36m1.50 kB[39m[2m | [22m

[1m [22m                  [2m | [22m[1mInitial total[22m        [2m | [22m[1m132.84 kB[22m

[1mLazy chunk files[22m   [2m | [22m[1mNames[22m                [2m | [22m [1mRaw size[22m
[32mchunk-T7VBJNIK.js[39m  [2m | [22m[2mdashboard-component[22m  [2m | [22m [36m32.85 kB[39m[2m | [22m
[32mchunk-HZCNLUVT.js[39m  [2m | [22m[2mquiz-engine-component[22m[2m | [22m [36m31.00 kB[39m[2m | [22m
[32mchunk-EC43RNRK.js[39m  [2m | [22m[2mteam-component[22m       [2m | [22m [36m14.69 kB[39m[2m | [22m
[32mchunk-3NGLS6FE.js[39m  [2m | [22m[2mleaderboard-component[22m[2m | [22m [36m12.14 kB[39m[2m | [22m
[32mchunk-72VWP3CW.js[39m  [2m | [22m[2mprofile-component[22m    [2m | [22m [36m12.03 kB[39m[2m | [22m
[32mchunk-YNDTW7YD.js[39m  [2m | [22m[2m-[22m                    [2m | [22m  [36m9.70 kB[39m[2m | [22m
[32mchunk-2MK5FJJZ.js[39m  [2m | [22m[2m-[22m                    [2m | [22m  [36m5.11 kB[39m[2m | [22m
[32mchunk-ERMMNFVI.js[39m  [2m | [22m[2m-[22m                    [2m | [22m  [36m2.01 kB[39m[2m | [22m
[32mchunk-5FQXELHX.js[39m  [2m | [22m[2m-[22m                    [2m | [22m[36m726 bytes[39m[2m | [22m

Application bundle generation complete. [48.597 seconds]

Watch mode enabled. Watching for file changes...
NOTE: Raw file sizes do not reflect development server per-request transformations.
  [32m➜[39m  [1mLocal[22m:   [36mhttp://127.0.0.1:[1m4200[22m/[39m
